[backblue.gif]
[fade.gif]
[index.html]
[babele.net46.net/babele_index.jpg]
[babele.net46.net/index.html]
[babele.net46.net/index2.html]
[babele.net46.net/barrainaltostretta.jpg]
[babele.net46.net/barra.html]
[babele.net46.net/menu.html]
[babele.net46.net/foto/BabeleLogo.jpg]
[babele.net46.net/logo.html]
[babele.net46.net/foto/babelescritta-media.gif]
[babele.net46.net/foto/babele22per curriculum.jpg]
[babele.net46.net/curriculum.html]
[babele.net46.net/spettacoli.html]
[babele.net46.net/calendario.html]
[babele.net46.net/foto/DSCN0041ridottapics.jpg]
[babele.net46.net/foto/marco giac babele duopics.jpg]
[babele.net46.net/foto/foto-21pics.jpg]
[babele.net46.net/foto/foto-11pics.jpg]
[babele.net46.net/foto/babele-4pics.jpg]
[babele.net46.net/foto/babele-3pics.jpg]
[babele.net46.net/foto/babele-2pics.jpg]
[babele.net46.net/foto/003pics.jpg]
[babele.net46.net/foto/004pics.jpg]
[babele.net46.net/foto/013pics.jpg]
[babele.net46.net/foto/050pics.jpg]
[babele.net46.net/foto/babele23pics.jpg]
[babele.net46.net/foto/babele16pics.jpg]
[babele.net46.net/foto/babele18modificatopics.jpg]
[babele.net46.net/foto/trentopics.jpg]
[babele.net46.net/foto/babele13pics.jpg]
[babele.net46.net/foto/babele22pics.jpg]
[babele.net46.net/foto/trento2pics.jpg]
[babele.net46.net/foto/babele24pics.jpg]
[babele.net46.net/foto/babele25pics.jpg]
[babele.net46.net/foto/babele3pics.jpg]
[babele.net46.net/fotogallery.html]
[babele.net46.net/foto/STRUMENTI/GADULKA MARCO_PIC.jpg]
[babele.net46.net/foto/STRUMENTI/MANDOLINO MARCO_PIC.jpg]
[babele.net46.net/foto/STRUMENTI/VIELLA MARCO_PIC.jpg]
[babele.net46.net/foto/STRUMENTI/UD RIC_PIC.jpg]
[babele.net46.net/foto/STRUMENTI/GHIRONDA MARCO_PIC.jpg]
[babele.net46.net/foto/STRUMENTI/GHIRONDA RIC_PIC.jpg]
[babele.net46.net/foto/insertocittaoggi.jpg]
[babele.net46.net/curiosita.html]
[babele.net46.net/downloads.html]
[babele.net46.net/babeleteatro.html]
[babele.net46.net/foto/babele18 per sfondo.jpg]
[babele.net46.net/contatti.html]
[babele.net46.net/imglinks/inno_1.gif]
[babele.net46.net/imglinks/pandemonioin5.jpg]
[babele.net46.net/imglinks/annette.jpg]
[babele.net46.net/imglinks/contraddanza.jpg]
[babele.net46.net/imglinks/citt%e0oggilogo.gif]
[babele.net46.net/imglinks/filosofia.jpg]
[babele.net46.net/imglinks/enigma.jpg]
[babele.net46.net/imglinks/italiamedievale.jpg]
[babele.net46.net/imglinks/ARSLecco.gif]
[babele.net46.net/imglinks/giorgio_alto[1].jpg]
[babele.net46.net/imglinks/felix company.jpg]
[babele.net46.net/imglinks/banner_medievalis_4.jpg]
[babele.net46.net/links.html]
[babele.net46.net/index-2.html]
[babele.net46.net/foto/002pics.jpg]
[babele.net46.net/foto/010pics.jpg]
[babele.net46.net/foto/025pics.jpg]
[babele.net46.net/foto/164pics.jpg]
[babele.net46.net/foto/121pics.jpg]
[babele.net46.net/foto/012pics.jpg]
[babele.net46.net/foto/005pics.jpg]
[babele.net46.net/foto/046pics.jpg]
[babele.net46.net/foto/007pics.jpg]
[babele.net46.net/foto/009pics.jpg]
[babele.net46.net/foto/138pics.jpg]
[babele.net46.net/foto/140pics.jpg]
[babele.net46.net/fotogallerysponsalia.html]
[babele.net46.net/foto/mantova.jpg]
[babele.net46.net/locandina mantova.html]
[babele.net46.net/compendiostrumenti/miniature/ghironda.jpg]
[babele.net46.net/compendiostrumenti/miniature/mandolino.jpg]
[babele.net46.net/compendiostrumenti/miniature/ribeca.jpg]
[babele.net46.net/compendiostrumenti/miniature/bodhran.jpg]
[babele.net46.net/compendiostrumenti/miniature/bombarda.jpg]
[babele.net46.net/compendiostrumenti/miniature/launeddas.jpg]
[babele.net46.net/compendiostrumenti/miniature/uillean.jpg]
[babele.net46.net/compendio.html]
